---
source: crates/convertor/tests/conv_query_test.rs
expression: conv_query
---
ConvQuery {
    server: Url {
        scheme: "http",
        cannot_be_a_base: false,
        username: "",
        password: None,
        host: Some(
            Ipv4(
                127.0.0.1,
            ),
        ),
        port: Some(
            8080,
        ),
        path: "/",
        query: None,
        fragment: None,
    },
    sub_url: "https://localhost/subscription?token=bppleman",
    client: Surge,
    interval: 86400,
    strict: Some(
        true,
    ),
    policy: None,
}
