---
source: crates/convertor/tests/profile_test.rs
assertion_line: 138
expression: profile
---
proxies: []
proxy_providers:
  - name: convertor
    source:
      kind: external
      value:
        kind: http
        value: "http://127.0.0.1:8080/subscription/proxy-provider?server=http%3A%2F%2F127.0.0.1%3A8080%2F&client=clash&interval=86400&strict=true&proxy_provider_name=convertor&sub_url=cWfEQlE7MX2XMGqWoHSXLzmn6tLjFEMgQzN9f5rech_2VsZDNsdax9FCmW6MnbAimRrbpmWBvamVk3H3JciNB7O7-k2xrhrRP5VvePh8q0CFG97FNuO06PLIRK3ky3-bCyY"
    payload: ~
    update_interval: 86400
    request_headers: []
    cache_path: "./proxy_providers/convertor.yaml"
    download_via:
      kind: built_in
      value: DIRECT
    size_limit: 0
    health_check: ~
    filter: ~
    exclude_filter: ~
    exclude_types: []
    overrides: {}
    extra: {}
    comment: ~
proxy_groups:
  - kind: comment
    value: ""
  - kind: item
    value:
      name: BosLife
      strategy: select
      members:
        - kind: named
          value: 🇭🇰 香港组
        - kind: named
          value: 🇸🇬 新加坡组
        - kind: named
          value: 🇨🇳🏳️‍🌈 台湾组
        - kind: named
          value: 🇯🇵 日本组
        - kind: named
          value: 🇺🇸 美国组
        - kind: named
          value: 🇨🇦 加拿大组
        - kind: named
          value: 🇰🇷 韩国组
        - kind: named
          value: 🇬🇧 英国组
        - kind: named
          value: 🇫🇷 法国组
        - kind: named
          value: 🇩🇪 德国组
      providers: []
      policy_path: ~
      options:
        url: ~
        interval: ~
        tolerance: ~
        timeout: ~
        lazy: ~
        expected_status: ~
        filter: ~
        exclude_filter: ~
        exclude_types: []
        extra: {}
      comment: ~
  - kind: item
    value:
      name: Subscription Info
      strategy: select
      members: []
      providers:
        - convertor
      policy_path: ~
      options:
        url: ~
        interval: ~
        tolerance: ~
        timeout: ~
        lazy: ~
        expected_status: ~
        filter: (?i)(剩余流量：43.9 GB|距离下次重置剩余：15 天|套餐到期：2026-04-22)
        exclude_filter: ~
        exclude_types: []
        extra: {}
      comment: ~
  - kind: item
    value:
      name: 🇭🇰 香港组
      strategy: url-test
      members: []
      providers:
        - convertor
      policy_path: ~
      options:
        url: ~
        interval: ~
        tolerance: ~
        timeout: ~
        lazy: ~
        expected_status: ~
        filter: (?i)🇭🇰 香港
        exclude_filter: ~
        exclude_types: []
        extra: {}
      comment: ~
  - kind: item
    value:
      name: 🇸🇬 新加坡组
      strategy: url-test
      members: []
      providers:
        - convertor
      policy_path: ~
      options:
        url: ~
        interval: ~
        tolerance: ~
        timeout: ~
        lazy: ~
        expected_status: ~
        filter: (?i)🇸🇬 新加坡
        exclude_filter: ~
        exclude_types: []
        extra: {}
      comment: ~
  - kind: item
    value:
      name: 🇨🇳🏳️‍🌈 台湾组
      strategy: url-test
      members: []
      providers:
        - convertor
      policy_path: ~
      options:
        url: ~
        interval: ~
        tolerance: ~
        timeout: ~
        lazy: ~
        expected_status: ~
        filter: (?i)🏳️‍🌈 台湾
        exclude_filter: ~
        exclude_types: []
        extra: {}
      comment: ~
  - kind: item
    value:
      name: 🇯🇵 日本组
      strategy: url-test
      members: []
      providers:
        - convertor
      policy_path: ~
      options:
        url: ~
        interval: ~
        tolerance: ~
        timeout: ~
        lazy: ~
        expected_status: ~
        filter: (?i)🇯🇵 日本
        exclude_filter: ~
        exclude_types: []
        extra: {}
      comment: ~
  - kind: item
    value:
      name: 🇺🇸 美国组
      strategy: url-test
      members: []
      providers:
        - convertor
      policy_path: ~
      options:
        url: ~
        interval: ~
        tolerance: ~
        timeout: ~
        lazy: ~
        expected_status: ~
        filter: (?i)🇺🇸 美国
        exclude_filter: ~
        exclude_types: []
        extra: {}
      comment: ~
  - kind: item
    value:
      name: 🇨🇦 加拿大组
      strategy: url-test
      members: []
      providers:
        - convertor
      policy_path: ~
      options:
        url: ~
        interval: ~
        tolerance: ~
        timeout: ~
        lazy: ~
        expected_status: ~
        filter: (?i)🇨🇦 加拿大 01
        exclude_filter: ~
        exclude_types: []
        extra: {}
      comment: ~
  - kind: item
    value:
      name: 🇰🇷 韩国组
      strategy: url-test
      members: []
      providers:
        - convertor
      policy_path: ~
      options:
        url: ~
        interval: ~
        tolerance: ~
        timeout: ~
        lazy: ~
        expected_status: ~
        filter: (?i)🇰🇷 韩国 01
        exclude_filter: ~
        exclude_types: []
        extra: {}
      comment: ~
  - kind: item
    value:
      name: 🇬🇧 英国组
      strategy: url-test
      members: []
      providers:
        - convertor
      policy_path: ~
      options:
        url: ~
        interval: ~
        tolerance: ~
        timeout: ~
        lazy: ~
        expected_status: ~
        filter: (?i)🇬🇧 英国 01
        exclude_filter: ~
        exclude_types: []
        extra: {}
      comment: ~
  - kind: item
    value:
      name: 🇫🇷 法国组
      strategy: url-test
      members: []
      providers:
        - convertor
      policy_path: ~
      options:
        url: ~
        interval: ~
        tolerance: ~
        timeout: ~
        lazy: ~
        expected_status: ~
        filter: (?i)🇫🇷 法国 01
        exclude_filter: ~
        exclude_types: []
        extra: {}
      comment: ~
  - kind: item
    value:
      name: 🇩🇪 德国组
      strategy: url-test
      members: []
      providers:
        - convertor
      policy_path: ~
      options:
        url: ~
        interval: ~
        tolerance: ~
        timeout: ~
        lazy: ~
        expected_status: ~
        filter: (?i)🇩🇪 德国 01
        exclude_filter: ~
        exclude_types: []
        extra: {}
      comment: ~
rule_providers:
  - name: Subscription_policy
    source:
      kind: external
      value:
        kind: http
        value: "http://127.0.0.1:8080/subscription/rule-provider?server=http%3A%2F%2F127.0.0.1%3A8080%2F&client=clash&interval=86400&strict=true&policy%5Bname%5D=DIRECT&policy%5Boption%5D&policy%5Bis_subscription%5D=true&sub_url=NS-q46AsavtH9tx_SmdYHDEqLnL-cRQmeo_nKZmtDZp-jwfLX3WJLANf4bRkS46JeGeqCsNWWN-6qWxzd-y_dKGlasoDLQnLNMArszXBXLomqvNo7boL8sbg9rDA_ECbgHs"
    payload: ~
    update_interval: 86400
    request_headers: []
    cache_path: "./rule_providers/Subscription_policy.yaml"
    download_via:
      kind: built_in
      value: DIRECT
    size_limit: 0
    behavior: classical
    format: yaml
    extra: {}
    comment: ~
  - name: BosLife_policy
    source:
      kind: external
      value:
        kind: http
        value: "http://127.0.0.1:8080/subscription/rule-provider?server=http%3A%2F%2F127.0.0.1%3A8080%2F&client=clash&interval=86400&strict=true&policy%5Bname%5D=BosLife&policy%5Boption%5D&policy%5Bis_subscription%5D=false&sub_url=DGOYlBqQQF4GfAA_4q6BjgS6Gi2Oki8UWttm4dIWMj-JZ35mzQPPXOh7DacBKDGEULCtQEiJr3HHBOtz3XqeFSiibkAbXDtZrl6O63TZrLpwUDqFwDKviqO36vYoAColJV4"
    payload: ~
    update_interval: 86400
    request_headers: []
    cache_path: "./rule_providers/BosLife_policy.yaml"
    download_via:
      kind: built_in
      value: DIRECT
    size_limit: 0
    behavior: classical
    format: yaml
    extra: {}
    comment: ~
  - name: BosLife_no_resolve
    source:
      kind: external
      value:
        kind: http
        value: "http://127.0.0.1:8080/subscription/rule-provider?server=http%3A%2F%2F127.0.0.1%3A8080%2F&client=clash&interval=86400&strict=true&policy%5Bname%5D=BosLife&policy%5Boption%5D=no-resolve&policy%5Bis_subscription%5D=false&sub_url=PYEV3VjNO2uNHx_mNqhgTiEdU8pOapX9DB6oe7b5HJkdkIZGvXkz_mBoTpWKTE88BI8Fe4Zwd_qY9NESWXYKuFG_vUqiBPGzV9Ad6Gf8DBI_clUrqavekDEgFiAYMwF53S0"
    payload: ~
    update_interval: 86400
    request_headers: []
    cache_path: "./rule_providers/BosLife_no_resolve.yaml"
    download_via:
      kind: built_in
      value: DIRECT
    size_limit: 0
    behavior: classical
    format: yaml
    extra: {}
    comment: ~
  - name: BosLife_force_remote_dns
    source:
      kind: external
      value:
        kind: http
        value: "http://127.0.0.1:8080/subscription/rule-provider?server=http%3A%2F%2F127.0.0.1%3A8080%2F&client=clash&interval=86400&strict=true&policy%5Bname%5D=BosLife&policy%5Boption%5D=force-remote-dns&policy%5Bis_subscription%5D=false&sub_url=KAzxVp4af1bIF1zUg4oQfub8mFu_EnJWpja9aj_p9o09VnGkDK9uWM6nK8JXYIK2qGDmxsD4EPm7rIT9iwOKdG9UIICzJvWtkQN3CfHiO_X8jqNTWdD4JKruS091w-VqFEE"
    payload: ~
    update_interval: 86400
    request_headers: []
    cache_path: "./rule_providers/BosLife_force_remote_dns.yaml"
    download_via:
      kind: built_in
      value: DIRECT
    size_limit: 0
    behavior: classical
    format: yaml
    extra: {}
    comment: ~
  - name: DIRECT_policy
    source:
      kind: external
      value:
        kind: http
        value: "http://127.0.0.1:8080/subscription/rule-provider?server=http%3A%2F%2F127.0.0.1%3A8080%2F&client=clash&interval=86400&strict=true&policy%5Bname%5D=DIRECT&policy%5Boption%5D&policy%5Bis_subscription%5D=false&sub_url=m-B9eg-8TZeWNK0yVg1TuMBywfsLBfzgcx82v-83_CnieCaFm31TZzMk1eT0pwRaaIHBxahYVTA-Dl95tOTtk1b5nXzhVvIa3RY4DUvMZCNyBBmfPhiYyZnFvvoHirR11GY"
    payload: ~
    update_interval: 86400
    request_headers: []
    cache_path: "./rule_providers/DIRECT_policy.yaml"
    download_via:
      kind: built_in
      value: DIRECT
    size_limit: 0
    behavior: classical
    format: yaml
    extra: {}
    comment: ~
  - name: DIRECT_no_resolve
    source:
      kind: external
      value:
        kind: http
        value: "http://127.0.0.1:8080/subscription/rule-provider?server=http%3A%2F%2F127.0.0.1%3A8080%2F&client=clash&interval=86400&strict=true&policy%5Bname%5D=DIRECT&policy%5Boption%5D=no-resolve&policy%5Bis_subscription%5D=false&sub_url=vFqgSkzZjavl1vi0y0AsCO6NVcjcO7GbHm28H357SFHj4GkP8OSv5ZEsFoS7IhdxZsQcmfR2IdmYsLwybfCdYsrxoq1Db0EiT8lQcXaPRdqC7XwpqYLYS1bFpnVgEgu0kxM"
    payload: ~
    update_interval: 86400
    request_headers: []
    cache_path: "./rule_providers/DIRECT_no_resolve.yaml"
    download_via:
      kind: built_in
      value: DIRECT
    size_limit: 0
    behavior: classical
    format: yaml
    extra: {}
    comment: ~
  - name: DIRECT_force_remote_dns
    source:
      kind: external
      value:
        kind: http
        value: "http://127.0.0.1:8080/subscription/rule-provider?server=http%3A%2F%2F127.0.0.1%3A8080%2F&client=clash&interval=86400&strict=true&policy%5Bname%5D=DIRECT&policy%5Boption%5D=force-remote-dns&policy%5Bis_subscription%5D=false&sub_url=1FYNuEuqWPakcQu-1GdglBrxgydGyIPpOi8u__3tSe6pvFLwbeBPwF9bXA4NO1WUAIPeTRyxhFMzUc58XZ47CDECezn-y2TxUbpCNV88ADGJVRpRPhGpOZxIB3ClIM72eKk"
    payload: ~
    update_interval: 86400
    request_headers: []
    cache_path: "./rule_providers/DIRECT_force_remote_dns.yaml"
    download_via:
      kind: built_in
      value: DIRECT
    size_limit: 0
    behavior: classical
    format: yaml
    extra: {}
    comment: ~
rules:
  - kind: item
    value:
      rule_type: RULE-SET
      value: Subscription_policy
      target:
        kind: built_in
        value: DIRECT
      options: []
      comment: ~
  - kind: item
    value:
      rule_type: RULE-SET
      value: BosLife_policy
      target:
        kind: named
        value: BosLife
      options: []
      comment: ~
  - kind: item
    value:
      rule_type: RULE-SET
      value: BosLife_no_resolve
      target:
        kind: named
        value: BosLife
      options:
        - no-resolve
      comment: ~
  - kind: item
    value:
      rule_type: RULE-SET
      value: BosLife_force_remote_dns
      target:
        kind: named
        value: BosLife
      options:
        - force-remote-dns
      comment: ~
  - kind: item
    value:
      rule_type: RULE-SET
      value: DIRECT_policy
      target:
        kind: built_in
        value: DIRECT
      options: []
      comment: ~
  - kind: item
    value:
      rule_type: RULE-SET
      value: DIRECT_no_resolve
      target:
        kind: built_in
        value: DIRECT
      options:
        - no-resolve
      comment: ~
  - kind: item
    value:
      rule_type: RULE-SET
      value: DIRECT_force_remote_dns
      target:
        kind: built_in
        value: DIRECT
      options:
        - force-remote-dns
      comment: ~
  - kind: item
    value:
      rule_type: GEOIP
      value: CN
      target:
        kind: built_in
        value: DIRECT
      options: []
      comment: ~
  - kind: item
    value:
      rule_type: MATCH
      value: ~
      target:
        kind: built_in
        value: DIRECT
      options: []
      comment: ~
