---
source: crates/convertor/tests/profile_test.rs
expression: rendered
---
port: 7890
socks-port: 7891
redir-port: 7892
allow-lan: true
mode: Rule
log-level: info
external-controller: 0.0.0.0:9090
external-ui: 
secret: ""

geo-auto-update: true
geo-update-interval: 24
geox-url:
    geoip: "http://127.0.0.1:8080/download?0%5B0%5D=url&0%5B1%5D=https%3A%2F%2Ftestingcf.jsdelivr.net%2Fgh%2FMetaCubeX%2Fmeta-rules-dat%40release%2Fgeoip.dat"
    geosite: "http://127.0.0.1:8080/download?0%5B0%5D=url&0%5B1%5D=https%3A%2F%2Ftestingcf.jsdelivr.net%2Fgh%2FMetaCubeX%2Fmeta-rules-dat%40release%2Fgeosite.dat"
    mmdb: "http://127.0.0.1:8080/download?0%5B0%5D=url&0%5B1%5D=https%3A%2F%2Ftestingcf.jsdelivr.net%2Fgh%2FMetaCubeX%2Fmeta-rules-dat%40release%2Fcountry.mmdb"
    asn: "http://127.0.0.1:8080/download?0%5B0%5D=url&0%5B1%5D=https%3A%2F%2Fgithub.com%2Fxishang0128%2Fgeoip%2Freleases%2Fdownload%2Flatest%2FGeoLite2-ASN.mmdb"


proxy-providers:
    convertor:
        type: http
        url: http://127.0.0.1:8080/proxy-provider?server=http%3A%2F%2F127.0.0.1%3A8080%2F&client=clash&interval=86400&strict=true&sub_url=cWfEQlE7MX2XMGqWoHSXLzmn6tLjFEMgdjVnTmCXB-H2xYxNOM_E5eMl9JdIIb1K0gtfJ-8eiwH_ZL38iWasRLQZMEoN28ocBQxOZlNpZqTUYgMBXmPrKWeESR7OiI0c86U
        path: './proxy_providers/convertor.yaml'
        interval: 86400
        proxy: DIRECT
        size-limit: 0
        proxies:
        - name: 剩余流量：43.9 GB
          type: trojan
          server: convertor.bppleman.cn
          port: 60010
          password: bppleman_secret
          udp: true
          tfo: null
          cipher: null
          sni: g.alicdn.com
          skip-cert-verify: true
        - name: 距离下次重置剩余：15 天
          type: trojan
          server: convertor.bppleman.cn
          port: 60010
          password: bppleman_secret
          udp: true
          tfo: null
          cipher: null
          sni: g.alicdn.com
          skip-cert-verify: true
        - name: 套餐到期：2026-04-22
          type: trojan
          server: convertor.bppleman.cn
          port: 60010
          password: bppleman_secret
          udp: true
          tfo: null
          cipher: null
          sni: g.alicdn.com
          skip-cert-verify: true
        - name: 🇭🇰 香港 01
          type: trojan
          server: convertor.bppleman.cn
          port: 60010
          password: bppleman_secret
          udp: true
          tfo: null
          cipher: null
          sni: g.alicdn.com
          skip-cert-verify: true
        - name: 🇭🇰 香港 02
          type: trojan
          server: convertor.bppleman.cn
          port: 60011
          password: bppleman_secret
          udp: true
          tfo: null
          cipher: null
          sni: g.alicdn.com
          skip-cert-verify: true
        - name: 🇭🇰 香港 03
          type: trojan
          server: convertor.bppleman.cn
          port: 60012
          password: bppleman_secret
          udp: true
          tfo: null
          cipher: null
          sni: g.alicdn.com
          skip-cert-verify: true
        - name: 🇭🇰 香港 04
          type: trojan
          server: convertor.bppleman.cn
          port: 60013
          password: bppleman_secret
          udp: true
          tfo: null
          cipher: null
          sni: g.alicdn.com
          skip-cert-verify: true
        - name: 🇭🇰 香港 05
          type: trojan
          server: convertor.bppleman.cn
          port: 60014
          password: bppleman_secret
          udp: true
          tfo: null
          cipher: null
          sni: g.alicdn.com
          skip-cert-verify: true
        - name: 🇭🇰 香港 06
          type: trojan
          server: convertor.bppleman.cn
          port: 60015
          password: bppleman_secret
          udp: true
          tfo: null
          cipher: null
          sni: g.alicdn.com
          skip-cert-verify: true
        - name: 🇭🇰 香港 07
          type: trojan
          server: convertor.bppleman.cn
          port: 60016
          password: bppleman_secret
          udp: true
          tfo: null
          cipher: null
          sni: g.alicdn.com
          skip-cert-verify: true
        - name: 🇭🇰 香港 08
          type: trojan
          server: convertor.bppleman.cn
          port: 60017
          password: bppleman_secret
          udp: true
          tfo: null
          cipher: null
          sni: g.alicdn.com
          skip-cert-verify: true
        - name: 🇭🇰 香港 09
          type: trojan
          server: convertor.bppleman.cn
          port: 60018
          password: bppleman_secret
          udp: true
          tfo: null
          cipher: null
          sni: g.alicdn.com
          skip-cert-verify: true
        - name: 🇭🇰 香港 10
          type: trojan
          server: convertor.bppleman.cn
          port: 60019
          password: bppleman_secret
          udp: true
          tfo: null
          cipher: null
          sni: g.alicdn.com
          skip-cert-verify: true
        - name: 🇸🇬 新加坡 01
          type: trojan
          server: convertor.bppleman.cn
          port: 60030
          password: bppleman_secret
          udp: true
          tfo: null
          cipher: null
          sni: g.alicdn.com
          skip-cert-verify: true
        - name: 🇸🇬 新加坡 02
          type: trojan
          server: convertor.bppleman.cn
          port: 60031
          password: bppleman_secret
          udp: true
          tfo: null
          cipher: null
          sni: g.alicdn.com
          skip-cert-verify: true
        - name: 🇸🇬 新加坡 03
          type: trojan
          server: convertor.bppleman.cn
          port: 60032
          password: bppleman_secret
          udp: true
          tfo: null
          cipher: null
          sni: g.alicdn.com
          skip-cert-verify: true
        - name: 🇸🇬 新加坡 04
          type: trojan
          server: convertor.bppleman.cn
          port: 60033
          password: bppleman_secret
          udp: true
          tfo: null
          cipher: null
          sni: g.alicdn.com
          skip-cert-verify: true
        - name: 🇸🇬 新加坡 05
          type: trojan
          server: convertor.bppleman.cn
          port: 60034
          password: bppleman_secret
          udp: true
          tfo: null
          cipher: null
          sni: g.alicdn.com
          skip-cert-verify: true
        - name: 🇸🇬 新加坡 06
          type: trojan
          server: convertor.bppleman.cn
          port: 60035
          password: bppleman_secret
          udp: true
          tfo: null
          cipher: null
          sni: g.alicdn.com
          skip-cert-verify: true
        - name: 🏳️‍🌈 台湾 01
          type: trojan
          server: convertor.bppleman.cn
          port: 60040
          password: bppleman_secret
          udp: true
          tfo: null
          cipher: null
          sni: g.alicdn.com
          skip-cert-verify: true
        - name: 🏳️‍🌈 台湾 02
          type: trojan
          server: convertor.bppleman.cn
          port: 60041
          password: bppleman_secret
          udp: true
          tfo: null
          cipher: null
          sni: g.alicdn.com
          skip-cert-verify: true
        - name: 🏳️‍🌈 台湾 03
          type: trojan
          server: convertor.bppleman.cn
          port: 60042
          password: bppleman_secret
          udp: true
          tfo: null
          cipher: null
          sni: g.alicdn.com
          skip-cert-verify: true
        - name: 🏳️‍🌈 台湾 04
          type: trojan
          server: convertor.bppleman.cn
          port: 60043
          password: bppleman_secret
          udp: true
          tfo: null
          cipher: null
          sni: g.alicdn.com
          skip-cert-verify: true
        - name: 🇯🇵 日本 01
          type: trojan
          server: convertor.bppleman.cn
          port: 60050
          password: bppleman_secret
          udp: true
          tfo: null
          cipher: null
          sni: g.alicdn.com
          skip-cert-verify: true
        - name: 🇯🇵 日本 02
          type: trojan
          server: convertor.bppleman.cn
          port: 60051
          password: bppleman_secret
          udp: true
          tfo: null
          cipher: null
          sni: g.alicdn.com
          skip-cert-verify: true
        - name: 🇯🇵 日本 03
          type: trojan
          server: convertor.bppleman.cn
          port: 60052
          password: bppleman_secret
          udp: true
          tfo: null
          cipher: null
          sni: g.alicdn.com
          skip-cert-verify: true
        - name: 🇯🇵 日本 04
          type: trojan
          server: convertor.bppleman.cn
          port: 60053
          password: bppleman_secret
          udp: true
          tfo: null
          cipher: null
          sni: g.alicdn.com
          skip-cert-verify: true
        - name: 🇺🇸 美国 01
          type: trojan
          server: convertor.bppleman.cn
          port: 60060
          password: bppleman_secret
          udp: true
          tfo: null
          cipher: null
          sni: g.alicdn.com
          skip-cert-verify: true
        - name: 🇺🇸 美国 02
          type: trojan
          server: convertor.bppleman.cn
          port: 60061
          password: bppleman_secret
          udp: true
          tfo: null
          cipher: null
          sni: g.alicdn.com
          skip-cert-verify: true
        - name: 🇺🇸 美国 03
          type: trojan
          server: convertor.bppleman.cn
          port: 60062
          password: bppleman_secret
          udp: true
          tfo: null
          cipher: null
          sni: g.alicdn.com
          skip-cert-verify: true
        - name: 🇺🇸 美国 04
          type: trojan
          server: convertor.bppleman.cn
          port: 60063
          password: bppleman_secret
          udp: true
          tfo: null
          cipher: null
          sni: g.alicdn.com
          skip-cert-verify: true
        - name: 🇺🇸 美国 05
          type: trojan
          server: convertor.bppleman.cn
          port: 60064
          password: bppleman_secret
          udp: true
          tfo: null
          cipher: null
          sni: g.alicdn.com
          skip-cert-verify: true
        - name: 🇺🇸 美国 06
          type: trojan
          server: convertor.bppleman.cn
          port: 60065
          password: bppleman_secret
          udp: true
          tfo: null
          cipher: null
          sni: g.alicdn.com
          skip-cert-verify: true
        - name: 🇺🇸 美国 07 - OnlyAI
          type: trojan
          server: convertor.bppleman.cn
          port: 60066
          password: bppleman_secret
          udp: true
          tfo: null
          cipher: null
          sni: g.alicdn.com
          skip-cert-verify: true
        - name: 🇨🇦 加拿大 01
          type: trojan
          server: convertor.bppleman.cn
          port: 60099
          password: bppleman_secret
          udp: true
          tfo: null
          cipher: null
          sni: g.alicdn.com
          skip-cert-verify: true
        - name: 🇰🇷 韩国 01
          type: trojan
          server: convertor.bppleman.cn
          port: 60101
          password: bppleman_secret
          udp: true
          tfo: null
          cipher: null
          sni: g.alicdn.com
          skip-cert-verify: true
        - name: 🇬🇧 英国 01
          type: trojan
          server: convertor.bppleman.cn
          port: 60082
          password: bppleman_secret
          udp: true
          tfo: null
          cipher: null
          sni: g.alicdn.com
          skip-cert-verify: true
        - name: 🇫🇷 法国 01
          type: trojan
          server: convertor.bppleman.cn
          port: 60138
          password: bppleman_secret
          udp: true
          tfo: null
          cipher: null
          sni: g.alicdn.com
          skip-cert-verify: true
        - name: 🇩🇪 德国 01
          type: trojan
          server: convertor.bppleman.cn
          port: 60125
          password: bppleman_secret
          udp: true
          tfo: null
          cipher: null
          sni: g.alicdn.com
          skip-cert-verify: true

proxy-groups:
    { name: "BosLife", type: "select", proxies: [ 🇭🇰 香港, 🇸🇬 新加坡, 🇨🇳🏳️‍🌈 台湾, 🇯🇵 日本, 🇺🇸 美国, 🇨🇦 加拿大, 🇰🇷 韩国, 🇬🇧 英国, 🇫🇷 法国, 🇩🇪 德国 ] }
    { name: "Subscription Info", type: "select", uses: [ convertor ], filter: "(?i)(剩余流量：43.9 GB|距离下次重置剩余：15 天|套餐到期：2026-04-22)" }
    { name: "🇭🇰 香港", type: "url-test", uses: [ convertor ], filter: "(?i)🇭🇰 香港" }
    { name: "🇸🇬 新加坡", type: "url-test", uses: [ convertor ], filter: "(?i)🇸🇬 新加坡" }
    { name: "🇨🇳🏳️‍🌈 台湾", type: "url-test", uses: [ convertor ], filter: "(?i)🏳️‍🌈 台湾" }
    { name: "🇯🇵 日本", type: "url-test", uses: [ convertor ], filter: "(?i)🇯🇵 日本" }
    { name: "🇺🇸 美国", type: "url-test", uses: [ convertor ], filter: "(?i)🇺🇸 美国" }
    { name: "🇨🇦 加拿大", type: "url-test", uses: [ convertor ], filter: "(?i)🇨🇦 加拿大 01" }
    { name: "🇰🇷 韩国", type: "url-test", uses: [ convertor ], filter: "(?i)🇰🇷 韩国 01" }
    { name: "🇬🇧 英国", type: "url-test", uses: [ convertor ], filter: "(?i)🇬🇧 英国 01" }
    { name: "🇫🇷 法国", type: "url-test", uses: [ convertor ], filter: "(?i)🇫🇷 法国 01" }
    { name: "🇩🇪 德国", type: "url-test", uses: [ convertor ], filter: "(?i)🇩🇪 德国 01" }

rule-providers:
    Subscription_policy: { type: "http", url: "http://127.0.0.1:8080/rule-provider?server=http%3A%2F%2F127.0.0.1%3A8080%2F&client=clash&interval=86400&strict=true&policy%5Bname%5D=DIRECT&policy%5Boption%5D&policy%5Bis_subscription%5D=true&sub_url=NS-q46AsavtH9tx_SmdYHDEqLnL-cRQmhM86S92FG_DY5XKQzuV1pwtaJKajy4NdNLWyVzMJ6fLT__0C8N2nW7CgJ2qyKw7zefdAbpfCvOVPaf5bcf-Gv93AR1YQtqlUgME", path: "./rule_providers/Subscription_policy.yaml", interval: 86400, size-limit: 0, format: "yaml", behavior: "classical" }
    BosLife_policy: { type: "http", url: "http://127.0.0.1:8080/rule-provider?server=http%3A%2F%2F127.0.0.1%3A8080%2F&client=clash&interval=86400&strict=true&policy%5Bname%5D=BosLife&policy%5Boption%5D&policy%5Bis_subscription%5D=false&sub_url=DGOYlBqQQF4GfAA_4q6BjgS6Gi2Oki8UftXR8a4qEXSu5Ap9KAy2X26S3KKaqqLSXY8frfzIJxsPDoOdLwvd42EPiXHBKvxgstJ5gAtUep4_VNgMkDgiGGFEiUSCWCn1RdA", path: "./rule_providers/BosLife_policy.yaml", interval: 86400, size-limit: 0, format: "yaml", behavior: "classical" }
    BosLife_no_resolve: { type: "http", url: "http://127.0.0.1:8080/rule-provider?server=http%3A%2F%2F127.0.0.1%3A8080%2F&client=clash&interval=86400&strict=true&policy%5Bname%5D=BosLife&policy%5Boption%5D=no-resolve&policy%5Bis_subscription%5D=false&sub_url=PYEV3VjNO2uNHx_mNqhgTiEdU8pOapX9bgh2ctXqLZZCBTdbhqzDbNUvHYzP10bR2_fk4InYH4usAiEuDncOlk9I_yFDTvwGJs2k3XJ4k-saOHrJsffqMgRQu-7wKJOm-wA", path: "./rule_providers/BosLife_no_resolve.yaml", interval: 86400, size-limit: 0, format: "yaml", behavior: "classical" }
    BosLife_force_remote_dns: { type: "http", url: "http://127.0.0.1:8080/rule-provider?server=http%3A%2F%2F127.0.0.1%3A8080%2F&client=clash&interval=86400&strict=true&policy%5Bname%5D=BosLife&policy%5Boption%5D=force-remote-dns&policy%5Bis_subscription%5D=false&sub_url=KAzxVp4af1bIF1zUg4oQfub8mFu_EnJWirMGr3cODDZhB6XgbZSxj_gCq1OGXxEKGXEIXTmQkk7ktSsvCzl3hw5G6ik4TTTaqwaCGoXTTmDvHWYdnbCqeSc0VwXUgi-6oYA", path: "./rule_providers/BosLife_force_remote_dns.yaml", interval: 86400, size-limit: 0, format: "yaml", behavior: "classical" }
    DIRECT_policy: { type: "http", url: "http://127.0.0.1:8080/rule-provider?server=http%3A%2F%2F127.0.0.1%3A8080%2F&client=clash&interval=86400&strict=true&policy%5Bname%5D=DIRECT&policy%5Boption%5D&policy%5Bis_subscription%5D=false&sub_url=m-B9eg-8TZeWNK0yVg1TuMBywfsLBfzg4whJ3scOpW2SxF3hdhESXiH85AihrnkLnyul1bPEMQZlR95TB4Wlv3TVuGgODtwUmCJacfH46jFh-fzXIsZYXc7IaHRkwXt8nBc", path: "./rule_providers/DIRECT_policy.yaml", interval: 86400, size-limit: 0, format: "yaml", behavior: "classical" }
    DIRECT_no_resolve: { type: "http", url: "http://127.0.0.1:8080/rule-provider?server=http%3A%2F%2F127.0.0.1%3A8080%2F&client=clash&interval=86400&strict=true&policy%5Bname%5D=DIRECT&policy%5Boption%5D=no-resolve&policy%5Bis_subscription%5D=false&sub_url=vFqgSkzZjavl1vi0y0AsCO6NVcjcO7Gby5osThgtg-k2nwZKJyRkUrYwYgwloCw59snyYOBNjNASssplEtMALiofZ9Fn7KGP3slnXpWqWJL6-NDZfRZwZWbL81gMPbAz3Vw", path: "./rule_providers/DIRECT_no_resolve.yaml", interval: 86400, size-limit: 0, format: "yaml", behavior: "classical" }
    DIRECT_force_remote_dns: { type: "http", url: "http://127.0.0.1:8080/rule-provider?server=http%3A%2F%2F127.0.0.1%3A8080%2F&client=clash&interval=86400&strict=true&policy%5Bname%5D=DIRECT&policy%5Boption%5D=force-remote-dns&policy%5Bis_subscription%5D=false&sub_url=1FYNuEuqWPakcQu-1GdglBrxgydGyIPpL7CEzDtzZiQlDUCvDMsy_OoBtHeLKFmTltWjSs9fwNlw37oqwJ1pqIOVQp-YzIqpEvO3kpUu-WORCLFeN0zRtFOoR-vSQgUVGLs", path: "./rule_providers/DIRECT_force_remote_dns.yaml", interval: 86400, size-limit: 0, format: "yaml", behavior: "classical" }

rules:
    RULE-SET,Subscription_policy,DIRECT
    RULE-SET,BosLife_policy,BosLife
    RULE-SET,BosLife_no_resolve,BosLife,no-resolve
    RULE-SET,BosLife_force_remote_dns,BosLife,force-remote-dns
    RULE-SET,DIRECT_policy,DIRECT
    RULE-SET,DIRECT_no_resolve,DIRECT,no-resolve
    RULE-SET,DIRECT_force_remote_dns,DIRECT,force-remote-dns
    GEOIP,CN,DIRECT
    MATCH,DIRECT
