---
source: crates/convertor/tests/profile_test.rs
expression: profile
---
header: "#!MANAGED-CONFIG http://127.0.0.1:8080/profile?server=http%3A%2F%2F127.0.0.1%3A8080%2F&client=surge&interval=86400&strict=true&sub_url=dr5ZZ3kIx53jr3EijyrxnqgdqUp8hSzLCIwKYXOXz1FmYqmum_NSsDC5PniMdvaVtD3POJBAj4481dTX2mkZBR8I9YknOJHhk0Bz3vFeXo56LyoneMCTPo0Rzidjy-TL3H4 interval=86400 strict=true"
general:
  - "skip-proxy = 192.168.0.0/16, 10.0.0.0/8, 172.16.0.0/12, 100.64.0.0/10, localhost, *.local, seed-sequoia.siri.apple.com, sequoia.apple.com, *.crashlytics.com"
  - loglevel = notify
  - "dns-server = system, 119.29.29.29, 119.28.28.28, 182.254.116.116, 8.8.8.8, 8.8.4.4"
  - ""
  - // iOS
  - bypass-system = true
  - "bypass-tun = 192.168.0.0/16, 172.16.0.0/12, 100.64.0.0/10, 10.0.0.0/8, 17.0.0.0/8"
  - ""
  - // macOS
  - interface = 0.0.0.0
  - socks-interface = 0.0.0.0
  - enhanced-mode-by-rule = true
  - ""
proxies:
  - name: 剩余流量：40.55 GB
    type: trojan
    server: convertor.bppleman.cn
    port: 60010
    password: bppleman_secret
    udp: true
    tfo: true
    cipher: ~
    sni: g.alicdn.com
    skip-cert-verify: true
  - name: 距离下次重置剩余：15 天
    type: trojan
    server: convertor.bppleman.cn
    port: 60010
    password: bppleman_secret
    udp: true
    tfo: true
    cipher: ~
    sni: g.alicdn.com
    skip-cert-verify: true
  - name: 套餐到期：2026-04-22
    type: trojan
    server: convertor.bppleman.cn
    port: 60010
    password: bppleman_secret
    udp: true
    tfo: true
    cipher: ~
    sni: g.alicdn.com
    skip-cert-verify: true
  - name: 🇭🇰 香港 01
    type: trojan
    server: convertor.bppleman.cn
    port: 60010
    password: bppleman_secret
    udp: true
    tfo: true
    cipher: ~
    sni: g.alicdn.com
    skip-cert-verify: true
  - name: 🇭🇰 香港 02
    type: trojan
    server: convertor.bppleman.cn
    port: 60011
    password: bppleman_secret
    udp: true
    tfo: true
    cipher: ~
    sni: g.alicdn.com
    skip-cert-verify: true
  - name: 🇭🇰 香港 03
    type: trojan
    server: convertor.bppleman.cn
    port: 60012
    password: bppleman_secret
    udp: true
    tfo: true
    cipher: ~
    sni: g.alicdn.com
    skip-cert-verify: true
  - name: 🇭🇰 香港 04
    type: trojan
    server: convertor.bppleman.cn
    port: 60013
    password: bppleman_secret
    udp: true
    tfo: true
    cipher: ~
    sni: g.alicdn.com
    skip-cert-verify: true
  - name: 🇭🇰 香港 05
    type: trojan
    server: convertor.bppleman.cn
    port: 60014
    password: bppleman_secret
    udp: true
    tfo: true
    cipher: ~
    sni: g.alicdn.com
    skip-cert-verify: true
  - name: 🇭🇰 香港 06
    type: trojan
    server: convertor.bppleman.cn
    port: 60015
    password: bppleman_secret
    udp: true
    tfo: true
    cipher: ~
    sni: g.alicdn.com
    skip-cert-verify: true
  - name: 🇭🇰 香港 07
    type: trojan
    server: convertor.bppleman.cn
    port: 60016
    password: bppleman_secret
    udp: true
    tfo: true
    cipher: ~
    sni: g.alicdn.com
    skip-cert-verify: true
  - name: 🇭🇰 香港 08
    type: trojan
    server: convertor.bppleman.cn
    port: 60017
    password: bppleman_secret
    udp: true
    tfo: true
    cipher: ~
    sni: g.alicdn.com
    skip-cert-verify: true
  - name: 🇭🇰 香港 09
    type: trojan
    server: convertor.bppleman.cn
    port: 60018
    password: bppleman_secret
    udp: true
    tfo: true
    cipher: ~
    sni: g.alicdn.com
    skip-cert-verify: true
  - name: 🇭🇰 香港 10
    type: trojan
    server: convertor.bppleman.cn
    port: 60019
    password: bppleman_secret
    udp: true
    tfo: true
    cipher: ~
    sni: g.alicdn.com
    skip-cert-verify: true
  - name: 🇸🇬 新加坡 01
    type: trojan
    server: convertor.bppleman.cn
    port: 60030
    password: bppleman_secret
    udp: true
    tfo: true
    cipher: ~
    sni: g.alicdn.com
    skip-cert-verify: true
  - name: 🇸🇬 新加坡 02
    type: trojan
    server: convertor.bppleman.cn
    port: 60031
    password: bppleman_secret
    udp: true
    tfo: true
    cipher: ~
    sni: g.alicdn.com
    skip-cert-verify: true
  - name: 🇸🇬 新加坡 03
    type: trojan
    server: convertor.bppleman.cn
    port: 60032
    password: bppleman_secret
    udp: true
    tfo: true
    cipher: ~
    sni: g.alicdn.com
    skip-cert-verify: true
  - name: 🇸🇬 新加坡 04
    type: trojan
    server: convertor.bppleman.cn
    port: 60033
    password: bppleman_secret
    udp: true
    tfo: true
    cipher: ~
    sni: g.alicdn.com
    skip-cert-verify: true
  - name: 🇸🇬 新加坡 05
    type: trojan
    server: convertor.bppleman.cn
    port: 60034
    password: bppleman_secret
    udp: true
    tfo: true
    cipher: ~
    sni: g.alicdn.com
    skip-cert-verify: true
  - name: 🇸🇬 新加坡 06
    type: trojan
    server: convertor.bppleman.cn
    port: 60035
    password: bppleman_secret
    udp: true
    tfo: true
    cipher: ~
    sni: g.alicdn.com
    skip-cert-verify: true
  - name: 🏳️‍🌈 台湾 01
    type: trojan
    server: convertor.bppleman.cn
    port: 60040
    password: bppleman_secret
    udp: true
    tfo: true
    cipher: ~
    sni: g.alicdn.com
    skip-cert-verify: true
  - name: 🏳️‍🌈 台湾 02
    type: trojan
    server: convertor.bppleman.cn
    port: 60041
    password: bppleman_secret
    udp: true
    tfo: true
    cipher: ~
    sni: g.alicdn.com
    skip-cert-verify: true
  - name: 🏳️‍🌈 台湾 03
    type: trojan
    server: convertor.bppleman.cn
    port: 60042
    password: bppleman_secret
    udp: true
    tfo: true
    cipher: ~
    sni: g.alicdn.com
    skip-cert-verify: true
  - name: 🏳️‍🌈 台湾 04
    type: trojan
    server: convertor.bppleman.cn
    port: 60043
    password: bppleman_secret
    udp: true
    tfo: true
    cipher: ~
    sni: g.alicdn.com
    skip-cert-verify: true
  - name: 🇯🇵 日本 01
    type: trojan
    server: convertor.bppleman.cn
    port: 60050
    password: bppleman_secret
    udp: true
    tfo: true
    cipher: ~
    sni: g.alicdn.com
    skip-cert-verify: true
  - name: 🇯🇵 日本 02
    type: trojan
    server: convertor.bppleman.cn
    port: 60051
    password: bppleman_secret
    udp: true
    tfo: true
    cipher: ~
    sni: g.alicdn.com
    skip-cert-verify: true
  - name: 🇯🇵 日本 03
    type: trojan
    server: convertor.bppleman.cn
    port: 60052
    password: bppleman_secret
    udp: true
    tfo: true
    cipher: ~
    sni: g.alicdn.com
    skip-cert-verify: true
  - name: 🇯🇵 日本 04
    type: trojan
    server: convertor.bppleman.cn
    port: 60053
    password: bppleman_secret
    udp: true
    tfo: true
    cipher: ~
    sni: g.alicdn.com
    skip-cert-verify: true
  - name: 🇺🇸 美国 01
    type: trojan
    server: convertor.bppleman.cn
    port: 60060
    password: bppleman_secret
    udp: true
    tfo: true
    cipher: ~
    sni: g.alicdn.com
    skip-cert-verify: true
  - name: 🇺🇸 美国 02
    type: trojan
    server: convertor.bppleman.cn
    port: 60061
    password: bppleman_secret
    udp: true
    tfo: true
    cipher: ~
    sni: g.alicdn.com
    skip-cert-verify: true
  - name: 🇺🇸 美国 03
    type: trojan
    server: convertor.bppleman.cn
    port: 60062
    password: bppleman_secret
    udp: true
    tfo: true
    cipher: ~
    sni: g.alicdn.com
    skip-cert-verify: true
  - name: 🇺🇸 美国 04
    type: trojan
    server: convertor.bppleman.cn
    port: 60063
    password: bppleman_secret
    udp: true
    tfo: true
    cipher: ~
    sni: g.alicdn.com
    skip-cert-verify: true
  - name: 🇺🇸 美国 05
    type: trojan
    server: convertor.bppleman.cn
    port: 60064
    password: bppleman_secret
    udp: true
    tfo: true
    cipher: ~
    sni: g.alicdn.com
    skip-cert-verify: true
  - name: 🇺🇸 美国 06
    type: trojan
    server: convertor.bppleman.cn
    port: 60065
    password: bppleman_secret
    udp: true
    tfo: true
    cipher: ~
    sni: g.alicdn.com
    skip-cert-verify: true
  - name: 🇺🇸 美国 07 - OnlyAI
    type: trojan
    server: convertor.bppleman.cn
    port: 60066
    password: bppleman_secret
    udp: true
    tfo: true
    cipher: ~
    sni: g.alicdn.com
    skip-cert-verify: true
  - name: 🇨🇦 加拿大 01
    type: trojan
    server: convertor.bppleman.cn
    port: 60099
    password: bppleman_secret
    udp: true
    tfo: true
    cipher: ~
    sni: g.alicdn.com
    skip-cert-verify: true
  - name: 🇰🇷 韩国 01
    type: trojan
    server: convertor.bppleman.cn
    port: 60101
    password: bppleman_secret
    udp: true
    tfo: true
    cipher: ~
    sni: g.alicdn.com
    skip-cert-verify: true
  - name: 🇬🇧 英国 01
    type: trojan
    server: convertor.bppleman.cn
    port: 60082
    password: bppleman_secret
    udp: true
    tfo: true
    cipher: ~
    sni: g.alicdn.com
    skip-cert-verify: true
  - name: 🇫🇷 法国 01
    type: trojan
    server: convertor.bppleman.cn
    port: 60138
    password: bppleman_secret
    udp: true
    tfo: true
    cipher: ~
    sni: g.alicdn.com
    skip-cert-verify: true
  - name: 🇩🇪 德国 01
    type: trojan
    server: convertor.bppleman.cn
    port: 60125
    password: bppleman_secret
    udp: true
    tfo: true
    cipher: ~
    sni: g.alicdn.com
    skip-cert-verify: true
proxy_groups:
  - name: BosLife
    type: select
    proxies:
      - 🇭🇰 香港
      - 🇸🇬 新加坡
      - 🇨🇳🏳️‍🌈 台湾
      - 🇯🇵 日本
      - 🇺🇸 美国
      - 🇨🇦 加拿大
      - 🇰🇷 韩国
      - 🇬🇧 英国
      - 🇫🇷 法国
      - 🇩🇪 德国
  - name: Subscription Info
    type: select
    proxies:
      - 剩余流量：40.55 GB
      - 距离下次重置剩余：15 天
      - 套餐到期：2026-04-22
  - name: 🇭🇰 香港
    type: Smart
    proxies:
      - 🇭🇰 香港 01
      - 🇭🇰 香港 02
      - 🇭🇰 香港 03
      - 🇭🇰 香港 04
      - 🇭🇰 香港 05
      - 🇭🇰 香港 06
      - 🇭🇰 香港 07
      - 🇭🇰 香港 08
      - 🇭🇰 香港 09
      - 🇭🇰 香港 10
  - name: 🇸🇬 新加坡
    type: Smart
    proxies:
      - 🇸🇬 新加坡 01
      - 🇸🇬 新加坡 02
      - 🇸🇬 新加坡 03
      - 🇸🇬 新加坡 04
      - 🇸🇬 新加坡 05
      - 🇸🇬 新加坡 06
  - name: 🇨🇳🏳️‍🌈 台湾
    type: Smart
    proxies:
      - 🏳️‍🌈 台湾 01
      - 🏳️‍🌈 台湾 02
      - 🏳️‍🌈 台湾 03
      - 🏳️‍🌈 台湾 04
  - name: 🇯🇵 日本
    type: Smart
    proxies:
      - 🇯🇵 日本 01
      - 🇯🇵 日本 02
      - 🇯🇵 日本 03
      - 🇯🇵 日本 04
  - name: 🇺🇸 美国
    type: Smart
    proxies:
      - 🇺🇸 美国 01
      - 🇺🇸 美国 02
      - 🇺🇸 美国 03
      - 🇺🇸 美国 04
      - 🇺🇸 美国 05
      - 🇺🇸 美国 06
      - 🇺🇸 美国 07 - OnlyAI
  - name: 🇨🇦 加拿大
    type: Smart
    proxies:
      - 🇨🇦 加拿大 01
  - name: 🇰🇷 韩国
    type: Smart
    proxies:
      - 🇰🇷 韩国 01
  - name: 🇬🇧 英国
    type: Smart
    proxies:
      - 🇬🇧 英国 01
  - name: 🇫🇷 法国
    type: Smart
    proxies:
      - 🇫🇷 法国 01
  - name: 🇩🇪 德国
    type: Smart
    proxies:
      - 🇩🇪 德国 01
rules:
  - rule_type: RULE-SET
    value: "http://127.0.0.1:8080/rule-provider?server=http%3A%2F%2F127.0.0.1%3A8080%2F&client=surge&interval=86400&strict=true&policy%5Bname%5D=DIRECT&policy%5Boption%5D&policy%5Bis_subscription%5D=true&sub_url=jeKAgWMGqs9JS-PqyGDrfcLIVaLFHheiq_Rw13Z9BuQsdCTLWNPl7zX93qezOERKzxfRyJCluwNw4grYkj_EldR5wSmGMWlc9BcMGjVus-gLO5huL4eyQjHkWqVWfd6c0eE"
    policy:
      name: DIRECT
      option: ~
      is_subscription: true
    comment: "// [Subscription]"
  - rule_type: RULE-SET
    value: "http://127.0.0.1:8080/rule-provider?server=http%3A%2F%2F127.0.0.1%3A8080%2F&client=surge&interval=86400&strict=true&policy%5Bname%5D=BosLife&policy%5Boption%5D&policy%5Bis_subscription%5D=false&sub_url=djHI0F8wqtKrRM5O9BdJMlWwjpjZyojOY-WRaKjRI6zXRCGxo-RXtBNaWrEXtCuAqOBOGOVu3gyYuzZwYZw8DgR8lA_jEZTqv4H0BRz5HESKmHnLcGVNU6BFj-n8zlqW3uY"
    policy:
      name: BosLife
      option: ~
      is_subscription: false
    comment: "// [BosLife]"
  - rule_type: RULE-SET
    value: "http://127.0.0.1:8080/rule-provider?server=http%3A%2F%2F127.0.0.1%3A8080%2F&client=surge&interval=86400&strict=true&policy%5Bname%5D=BosLife&policy%5Boption%5D=no-resolve&policy%5Bis_subscription%5D=false&sub_url=SnSGhNZKt1bz11AjjS6lPQSwdgs7IAuDokpqULhnNGc5aPfBnzY2DWR2oj9DgKhpX1p_7Bt1goKxUJ2Dl7_brsi8sa4uWuIiqKyodWP2gafzdMU9Zy-vBt2hvB86soyQ4bE"
    policy:
      name: BosLife
      option: no-resolve
      is_subscription: false
    comment: "// [BosLife: no-resolve]"
  - rule_type: RULE-SET
    value: "http://127.0.0.1:8080/rule-provider?server=http%3A%2F%2F127.0.0.1%3A8080%2F&client=surge&interval=86400&strict=true&policy%5Bname%5D=BosLife&policy%5Boption%5D=force-remote-dns&policy%5Bis_subscription%5D=false&sub_url=gKhqruu-A_HZb9dnwk1IKG6nA6GN3u1sy8IZ2NMisZrmmLNkDB7r5IIgPBtwJd4Vidb7kvBMO5Z58dzB5_HkgzPql-uHNHvFqFLfihaKYfaUHMrycYeUPFV2syfnNh4Yod0"
    policy:
      name: BosLife
      option: force-remote-dns
      is_subscription: false
    comment: "// [BosLife: force-remote-dns]"
  - rule_type: RULE-SET
    value: "http://127.0.0.1:8080/rule-provider?server=http%3A%2F%2F127.0.0.1%3A8080%2F&client=surge&interval=86400&strict=true&policy%5Bname%5D=DIRECT&policy%5Boption%5D&policy%5Bis_subscription%5D=false&sub_url=UkljifIdWgOBWZVAIsA8XxmUapz2hXzXYHKX5qtQOvQaBk3mCNYUNuK8D1tIpNyUEHKOU4cAxO58WrObMn5Jk4K_ULbaRnjb15EwOR9hGO6z7q_HOJM1W18ZUd3vyEaq2Ng"
    policy:
      name: DIRECT
      option: ~
      is_subscription: false
    comment: "// [DIRECT]"
  - rule_type: RULE-SET
    value: "http://127.0.0.1:8080/rule-provider?server=http%3A%2F%2F127.0.0.1%3A8080%2F&client=surge&interval=86400&strict=true&policy%5Bname%5D=DIRECT&policy%5Boption%5D=no-resolve&policy%5Bis_subscription%5D=false&sub_url=Onq0_W8KGQYFMx1YTAC6qJRH_epY1MEII-x3l17tE2IYdgvPt_JHWANxfC4fg37LFbg7cZZcFMR1ikm0PD9op5s-XZ4wraDmiMofrjHEUXxZvL0jXpHoBAgnqMw75QQcspc"
    policy:
      name: DIRECT
      option: no-resolve
      is_subscription: false
    comment: "// [DIRECT: no-resolve]"
  - rule_type: RULE-SET
    value: "http://127.0.0.1:8080/rule-provider?server=http%3A%2F%2F127.0.0.1%3A8080%2F&client=surge&interval=86400&strict=true&policy%5Bname%5D=DIRECT&policy%5Boption%5D=force-remote-dns&policy%5Bis_subscription%5D=false&sub_url=ewESSHcwF912H2mCdqX14SlM9gUtkCvIgbo9v4euOfI8SdL8MSV-AfjbsUm6ohaT2mGiJicMm1gZkynYDeIAl9b7NYlRIhaZE6GHExhBAGNyPYRyzIEIwQyXV39ZWz-xzu0"
    policy:
      name: DIRECT
      option: force-remote-dns
      is_subscription: false
    comment: "// [DIRECT: force-remote-dns]"
  - rule_type: GEOIP
    value: CN
    policy:
      name: DIRECT
      option: ~
      is_subscription: false
    comment: ""
  - rule_type: FINAL
    value: ~
    policy:
      name: DIRECT
      option: ~
      is_subscription: false
    comment: ~
url_rewrite:
  - "^https?://(www.)?g.cn https://www.google.com.hk 302"
  - "^https?://(www.)?google.cn https://www.google.com.hk 302"
  - "^https?://youtube.com https://www.youtube.com 302"
misc: []
rule_providers:
  ? name: DIRECT
    option: ~
    is_subscription: true
  : - rule_type: DOMAIN
      value: 1.convertor.bppleman.com
      policy:
        name: DIRECT
        option: ~
        is_subscription: true
      comment: // Subscription Direct
    - rule_type: DOMAIN
      value: 2.convertor.bppleman.com
      policy:
        name: DIRECT
        option: ~
        is_subscription: true
      comment: ~
    - rule_type: DOMAIN
      value: 3.convertor.bppleman.com
      policy:
        name: DIRECT
        option: ~
        is_subscription: true
      comment: ~
    - rule_type: DOMAIN
      value: 4.convertor.bppleman.com
      policy:
        name: DIRECT
        option: ~
        is_subscription: true
      comment: ~
    - rule_type: DOMAIN
      value: 5.convertor.bppleman.com
      policy:
        name: DIRECT
        option: ~
        is_subscription: true
      comment: ~
  ? name: BosLife
    option: ~
    is_subscription: false
  : - rule_type: PROCESS-NAME
      value: Backup and Sync
      policy:
        name: BosLife
        option: ~
        is_subscription: false
      comment: "\n// PROCESS-NAME"
    - rule_type: PROCESS-NAME
      value: Google Chrome
      policy:
        name: BosLife
        option: ~
        is_subscription: false
      comment: ~
    - rule_type: PROCESS-NAME
      value: Arc
      policy:
        name: BosLife
        option: ~
        is_subscription: false
      comment: ~
    - rule_type: PROCESS-NAME
      value: Brave Browser
      policy:
        name: BosLife
        option: ~
        is_subscription: false
      comment: ~
    - rule_type: PROCESS-NAME
      value: ChatGPT
      policy:
        name: BosLife
        option: ~
        is_subscription: false
      comment: ~
    - rule_type: USER-AGENT
      value: "%E7%BA%BD%E7%BA%A6%E6%97%B6%E6%8A%A5*"
      policy:
        name: BosLife
        option: ~
        is_subscription: false
      comment: "\n// USER-AGENT"
    - rule_type: USER-AGENT
      value: Argo*
      policy:
        name: BosLife
        option: ~
        is_subscription: false
      comment: ~
    - rule_type: USER-AGENT
      value: ChatGPT*
      policy:
        name: BosLife
        option: ~
        is_subscription: false
      comment: ~
    - rule_type: USER-AGENT
      value: Colab*
      policy:
        name: BosLife
        option: ~
        is_subscription: false
      comment: ~
    - rule_type: USER-AGENT
      value: Deepmind*
      policy:
        name: BosLife
        option: ~
        is_subscription: false
      comment: ~
    - rule_type: DOMAIN
      value: openaicom-api-bdcpf8c6d2e9atf6.z01.azurefd.net
      policy:
        name: BosLife
        option: ~
        is_subscription: false
      comment: "\n# DOMAIN"
    - rule_type: DOMAIN
      value: openaicomproductionae4b.blob.core.windows.net
      policy:
        name: BosLife
        option: ~
        is_subscription: false
      comment: ~
    - rule_type: DOMAIN
      value: production-openaicom-storage.azureedge.net
      policy:
        name: BosLife
        option: ~
        is_subscription: false
      comment: ~
    - rule_type: DOMAIN
      value: static.cloudflareinsights.com
      policy:
        name: BosLife
        option: ~
        is_subscription: false
      comment: ~
    - rule_type: DOMAIN
      value: v2.docs.google.com
      policy:
        name: BosLife
        option: ~
        is_subscription: false
      comment: ~
    - rule_type: DOMAIN-KEYWORD
      value: microsoft
      policy:
        name: BosLife
        option: ~
        is_subscription: false
      comment: "\n// DOMAIN-KEYWORD"
    - rule_type: DOMAIN-SUFFIX
      value: boslife.io
      policy:
        name: BosLife
        option: ~
        is_subscription: false
      comment: "\n// BosLife"
    - rule_type: DOMAIN-SUFFIX
      value: boslife.net
      policy:
        name: BosLife
        option: ~
        is_subscription: false
      comment: ~
    - rule_type: DOMAIN-SUFFIX
      value: wikibos.com
      policy:
        name: BosLife
        option: ~
        is_subscription: false
      comment: ~
    - rule_type: DOMAIN-SUFFIX
      value: boswiki.net
      policy:
        name: BosLife
        option: ~
        is_subscription: false
      comment: ~
  ? name: BosLife
    option: no-resolve
    is_subscription: false
  : - rule_type: IP-CIDR
      value: 8.41.4.0/24
      policy:
        name: BosLife
        option: no-resolve
        is_subscription: false
      comment: "\n// BosLife,no-resolve"
    - rule_type: IP-CIDR
      value: 23.246.0.0/18
      policy:
        name: BosLife
        option: no-resolve
        is_subscription: false
      comment: ~
    - rule_type: IP-CIDR
      value: 34.210.42.111/32
      policy:
        name: BosLife
        option: no-resolve
        is_subscription: false
      comment: ~
    - rule_type: IP-CIDR
      value: 37.77.184.0/21
      policy:
        name: BosLife
        option: no-resolve
        is_subscription: false
      comment: ~
    - rule_type: IP-CIDR
      value: 38.72.126.0/24
      policy:
        name: BosLife
        option: no-resolve
        is_subscription: false
      comment: ~
  ? name: BosLife
    option: force-remote-dns
    is_subscription: false
  : - rule_type: DOMAIN-KEYWORD
      value: beetalk
      policy:
        name: BosLife
        option: force-remote-dns
        is_subscription: false
      comment: ~
    - rule_type: DOMAIN-KEYWORD
      value: blogspot
      policy:
        name: BosLife
        option: force-remote-dns
        is_subscription: false
      comment: ~
    - rule_type: DOMAIN-KEYWORD
      value: dropbox
      policy:
        name: BosLife
        option: force-remote-dns
        is_subscription: false
      comment: ~
    - rule_type: DOMAIN-KEYWORD
      value: facebook
      policy:
        name: BosLife
        option: force-remote-dns
        is_subscription: false
      comment: ~
    - rule_type: DOMAIN-SUFFIX
      value: openai.com
      policy:
        name: BosLife
        option: force-remote-dns
        is_subscription: false
      comment: "\n// BosLife,force-remote-dns"
    - rule_type: DOMAIN-SUFFIX
      value: gemini.google.com
      policy:
        name: BosLife
        option: force-remote-dns
        is_subscription: false
      comment: ~
    - rule_type: DOMAIN-SUFFIX
      value: proactivebackend-pa.googleapis.com
      policy:
        name: BosLife
        option: force-remote-dns
        is_subscription: false
      comment: ~
    - rule_type: DOMAIN-SUFFIX
      value: aisandbox-pa.googleapis.com
      policy:
        name: BosLife
        option: force-remote-dns
        is_subscription: false
      comment: ~
    - rule_type: DOMAIN-SUFFIX
      value: robinfrontend-pa.googleapis.com
      policy:
        name: BosLife
        option: force-remote-dns
        is_subscription: false
      comment: ~
  ? name: DIRECT
    option: ~
    is_subscription: false
  : - rule_type: DOMAIN-SUFFIX
      value: baidu.com
      policy:
        name: DIRECT
        option: ~
        is_subscription: false
      comment: "\n// Comment\n#RULE-SET,https://cdn.jsdelivr.net/gh/Loyalsoldier/surge-rules@release/ruleset/proxy.txt,BosLife,force-remote-dns\n#DOMAIN,browser-intake-datadoghq.com,BosLife\n#DOMAIN,chat.openai.com.cdn.cloudflare.net,BosLife\n#DOMAIN,gemini.google.com,BosLife\n#DOMAIN,openai-api.arkoselabs.com,BosLife\n\n# DIRECT"
    - rule_type: DOMAIN-SUFFIX
      value: qq.com
      policy:
        name: DIRECT
        option: ~
        is_subscription: false
      comment: ~
    - rule_type: DOMAIN-SUFFIX
      value: taobao.com
      policy:
        name: DIRECT
        option: ~
        is_subscription: false
      comment: ~
    - rule_type: DOMAIN-SUFFIX
      value: tencent.com
      policy:
        name: DIRECT
        option: ~
        is_subscription: false
      comment: ~
    - rule_type: DOMAIN-SUFFIX
      value: alibaba.com
      policy:
        name: DIRECT
        option: ~
        is_subscription: false
      comment: ~
  ? name: DIRECT
    option: no-resolve
    is_subscription: false
  : - rule_type: IP-CIDR
      value: 127.0.0.0/8
      policy:
        name: DIRECT
        option: no-resolve
        is_subscription: false
      comment: "\n# DIRECT,no-resolve"
    - rule_type: IP-CIDR
      value: 192.168.0.0/16
      policy:
        name: DIRECT
        option: no-resolve
        is_subscription: false
      comment: ~
    - rule_type: IP-CIDR
      value: 172.16.0.0/12
      policy:
        name: DIRECT
        option: no-resolve
        is_subscription: false
      comment: ~
    - rule_type: IP-CIDR
      value: 100.64.0.0/10
      policy:
        name: DIRECT
        option: no-resolve
        is_subscription: false
      comment: ~
    - rule_type: IP-CIDR
      value: 10.0.0.0/8
      policy:
        name: DIRECT
        option: no-resolve
        is_subscription: false
      comment: ~
  ? name: DIRECT
    option: force-remote-dns
    is_subscription: false
  : - rule_type: DOMAIN-SUFFIX
      value: apple.com
      policy:
        name: DIRECT
        option: force-remote-dns
        is_subscription: false
      comment: "\n# DIRECT,force-remote-dns"
    - rule_type: DOMAIN-SUFFIX
      value: icloud.com
      policy:
        name: DIRECT
        option: force-remote-dns
        is_subscription: false
      comment: ~
    - rule_type: DOMAIN-SUFFIX
      value: crashlytics.com
      policy:
        name: DIRECT
        option: force-remote-dns
        is_subscription: false
      comment: ~
    - rule_type: DOMAIN-SUFFIX
      value: bing.com
      policy:
        name: DIRECT
        option: force-remote-dns
        is_subscription: false
      comment: ~
    - rule_type: DOMAIN-SUFFIX
      value: msn.com
      policy:
        name: DIRECT
        option: force-remote-dns
        is_subscription: false
      comment: ~
