---
source: crates/convertor/tests/url_builder_test.rs
expression: rule_provider_urls
---
[
    ConvUrl {
        type: RuleProvider,
        server: Url {
            scheme: "http",
            cannot_be_a_base: false,
            username: "",
            password: None,
            host: Some(
                Ipv4(
                    127.0.0.1,
                ),
            ),
            port: Some(
                8080,
            ),
            path: "/",
            query: None,
            fragment: None,
        },
        query: Some(
            ConvQuery {
                server: Url {
                    scheme: "http",
                    cannot_be_a_base: false,
                    username: "",
                    password: None,
                    host: Some(
                        Ipv4(
                            127.0.0.1,
                        ),
                    ),
                    port: Some(
                        8080,
                    ),
                    path: "/",
                    query: None,
                    fragment: None,
                },
                sub_url: "-kEIP719vVY4nBzOQkubd0GtBRqTYh1XS1lPTtbLjl70aOeLEKlbMNGzAE_xaSH3je42JVDaL207i-Dw9jZitpPT5QW5xxHruCN3kfTumdTZP8bkm_Xs9_nLafPi0SxCHSk",
                client: Surge,
                interval: 86400,
                strict: Some(
                    true,
                ),
                proxy_provider_name: None,
                policy: Some(
                    Policy {
                        name: "DIRECT",
                        option: None,
                        is_subscription: true,
                    },
                ),
            },
        ),
    },
    ConvUrl {
        type: RuleProvider,
        server: Url {
            scheme: "http",
            cannot_be_a_base: false,
            username: "",
            password: None,
            host: Some(
                Ipv4(
                    127.0.0.1,
                ),
            ),
            port: Some(
                8080,
            ),
            path: "/",
            query: None,
            fragment: None,
        },
        query: Some(
            ConvQuery {
                server: Url {
                    scheme: "http",
                    cannot_be_a_base: false,
                    username: "",
                    password: None,
                    host: Some(
                        Ipv4(
                            127.0.0.1,
                        ),
                    ),
                    port: Some(
                        8080,
                    ),
                    path: "/",
                    query: None,
                    fragment: None,
                },
                sub_url: "m8wxspjY4LmbI43SrzVd9-g5JK6MqoiuL6JnF9rGbsPh0f4gk5kTQH-XOYOvGkwropUpogfi9K8q4anoV8z2NjLPhlgIaAhNW9aSj2utU3A7x4kKZfl6clGvfpISfkbFhYY",
                client: Surge,
                interval: 86400,
                strict: Some(
                    true,
                ),
                proxy_provider_name: None,
                policy: Some(
                    Policy {
                        name: "BosLife",
                        option: None,
                        is_subscription: false,
                    },
                ),
            },
        ),
    },
    ConvUrl {
        type: RuleProvider,
        server: Url {
            scheme: "http",
            cannot_be_a_base: false,
            username: "",
            password: None,
            host: Some(
                Ipv4(
                    127.0.0.1,
                ),
            ),
            port: Some(
                8080,
            ),
            path: "/",
            query: None,
            fragment: None,
        },
        query: Some(
            ConvQuery {
                server: Url {
                    scheme: "http",
                    cannot_be_a_base: false,
                    username: "",
                    password: None,
                    host: Some(
                        Ipv4(
                            127.0.0.1,
                        ),
                    ),
                    port: Some(
                        8080,
                    ),
                    path: "/",
                    query: None,
                    fragment: None,
                },
                sub_url: "breKfdOlzXbfy_6lUz9KhU8qbMXRTv5i64Dhngbi3KD3jorpYCpsJE_VndQOeOyirYx4Ol06-LIGL-tqw8iuXyREfZBNl9SyN2aJE-RUrQlAL1z6BNDNTwB2Okwj2M7cWjE",
                client: Surge,
                interval: 86400,
                strict: Some(
                    true,
                ),
                proxy_provider_name: None,
                policy: Some(
                    Policy {
                        name: "BosLife",
                        option: Some(
                            "no-resolve",
                        ),
                        is_subscription: false,
                    },
                ),
            },
        ),
    },
    ConvUrl {
        type: RuleProvider,
        server: Url {
            scheme: "http",
            cannot_be_a_base: false,
            username: "",
            password: None,
            host: Some(
                Ipv4(
                    127.0.0.1,
                ),
            ),
            port: Some(
                8080,
            ),
            path: "/",
            query: None,
            fragment: None,
        },
        query: Some(
            ConvQuery {
                server: Url {
                    scheme: "http",
                    cannot_be_a_base: false,
                    username: "",
                    password: None,
                    host: Some(
                        Ipv4(
                            127.0.0.1,
                        ),
                    ),
                    port: Some(
                        8080,
                    ),
                    path: "/",
                    query: None,
                    fragment: None,
                },
                sub_url: "n9PCU_KZCmBk-_hJr-8acNo8Eqayz6SfcPffezDVMrn25Bw2DiipLtSikXHTudeblrp4WA_0cmECc3f_9rHerj9mcVZhAf3NC4w1jXcrE6w1Usq8AOPLx3Mz2lZZj9NC0PI",
                client: Surge,
                interval: 86400,
                strict: Some(
                    true,
                ),
                proxy_provider_name: None,
                policy: Some(
                    Policy {
                        name: "BosLife",
                        option: Some(
                            "force-remote-dns",
                        ),
                        is_subscription: false,
                    },
                ),
            },
        ),
    },
    ConvUrl {
        type: RuleProvider,
        server: Url {
            scheme: "http",
            cannot_be_a_base: false,
            username: "",
            password: None,
            host: Some(
                Ipv4(
                    127.0.0.1,
                ),
            ),
            port: Some(
                8080,
            ),
            path: "/",
            query: None,
            fragment: None,
        },
        query: Some(
            ConvQuery {
                server: Url {
                    scheme: "http",
                    cannot_be_a_base: false,
                    username: "",
                    password: None,
                    host: Some(
                        Ipv4(
                            127.0.0.1,
                        ),
                    ),
                    port: Some(
                        8080,
                    ),
                    path: "/",
                    query: None,
                    fragment: None,
                },
                sub_url: "16v06FNRPjiZTp0aNjWn-gyaH0DVPdqNeKBd2_cjK5-Ady_q-i21OHV62X0zYUbumgO7hUfZMxIC_zoFdRWHBKUZNSEFqukjenlE9n3alFkv0LupQnDdwZI6mNWFajhhAaM",
                client: Surge,
                interval: 86400,
                strict: Some(
                    true,
                ),
                proxy_provider_name: None,
                policy: Some(
                    Policy {
                        name: "DIRECT",
                        option: None,
                        is_subscription: false,
                    },
                ),
            },
        ),
    },
    ConvUrl {
        type: RuleProvider,
        server: Url {
            scheme: "http",
            cannot_be_a_base: false,
            username: "",
            password: None,
            host: Some(
                Ipv4(
                    127.0.0.1,
                ),
            ),
            port: Some(
                8080,
            ),
            path: "/",
            query: None,
            fragment: None,
        },
        query: Some(
            ConvQuery {
                server: Url {
                    scheme: "http",
                    cannot_be_a_base: false,
                    username: "",
                    password: None,
                    host: Some(
                        Ipv4(
                            127.0.0.1,
                        ),
                    ),
                    port: Some(
                        8080,
                    ),
                    path: "/",
                    query: None,
                    fragment: None,
                },
                sub_url: "6TsiZSfVo_1i3Nvi5gMhKa5LsQptc1w2tTGA6nIGw2_hmcTqRq2QFFEvVxuV9X-h2y1GHLq3FLaiexK5B8ql5bBBoMVT5_4gSm7KTBBeyqQUky4eoVEz-8N7g0Rg_9SNo7w",
                client: Surge,
                interval: 86400,
                strict: Some(
                    true,
                ),
                proxy_provider_name: None,
                policy: Some(
                    Policy {
                        name: "DIRECT",
                        option: Some(
                            "no-resolve",
                        ),
                        is_subscription: false,
                    },
                ),
            },
        ),
    },
    ConvUrl {
        type: RuleProvider,
        server: Url {
            scheme: "http",
            cannot_be_a_base: false,
            username: "",
            password: None,
            host: Some(
                Ipv4(
                    127.0.0.1,
                ),
            ),
            port: Some(
                8080,
            ),
            path: "/",
            query: None,
            fragment: None,
        },
        query: Some(
            ConvQuery {
                server: Url {
                    scheme: "http",
                    cannot_be_a_base: false,
                    username: "",
                    password: None,
                    host: Some(
                        Ipv4(
                            127.0.0.1,
                        ),
                    ),
                    port: Some(
                        8080,
                    ),
                    path: "/",
                    query: None,
                    fragment: None,
                },
                sub_url: "VyzZ34rDtonm0HGBMK05dYPt9KOdcmsLni9JXkV2aHBpCDFngYR5zSGalzpfSi8Hww8R1-s29aR_VWo0mbZCUH7dJzomtATe3IUDoIh3VUkjy3OMHwW7PyszBf-1XST67G4",
                client: Surge,
                interval: 86400,
                strict: Some(
                    true,
                ),
                proxy_provider_name: None,
                policy: Some(
                    Policy {
                        name: "DIRECT",
                        option: Some(
                            "force-remote-dns",
                        ),
                        is_subscription: false,
                    },
                ),
            },
        ),
    },
]
