---
source: crates/convertor/tests/url_builder_test.rs
expression: rule_provider_url
---
ConvUrl {
    type: RuleProvider,
    server: Url {
        scheme: "http",
        cannot_be_a_base: false,
        username: "",
        password: None,
        host: Some(
            Ipv4(
                127.0.0.1,
            ),
        ),
        port: Some(
            8080,
        ),
        path: "/",
        query: None,
        fragment: None,
    },
    query: Some(
        ConvQuery {
            server: Url {
                scheme: "http",
                cannot_be_a_base: false,
                username: "",
                password: None,
                host: Some(
                    Ipv4(
                        127.0.0.1,
                    ),
                ),
                port: Some(
                    8080,
                ),
                path: "/",
                query: None,
                fragment: None,
            },
            sub_url: "csbww2obE-AM-stg-T4hUtOc4EUYTZgIKVC1aIeEzBDXWADhET6X-12tJ17KPcxQ4Z9q__vFiMoNxZvK7Pjik7sZswftwfziPcrUZnL-eQOk4Xn9hsPVLJo3V2ccgpCADIk",
            client: Surge,
            interval: 86400,
            strict: Some(
                true,
            ),
            policy: Some(
                Policy {
                    name: "DIRECT",
                    option: None,
                    is_subscription: true,
                },
            ),
        },
    ),
}
