---
source: crates/convertor/tests/url_builder_test.rs
expression: raw_url
---
ConvUrl {
    type: Raw,
    server: Url {
        scheme: "http",
        cannot_be_a_base: false,
        username: "",
        password: None,
        host: Some(
            Ipv4(
                127.0.0.1,
            ),
        ),
        port: Some(
            8080,
        ),
        path: "/",
        query: None,
        fragment: None,
    },
    query: Some(
        ConvQuery {
            server: Url {
                scheme: "http",
                cannot_be_a_base: false,
                username: "",
                password: None,
                host: Some(
                    Ipv4(
                        127.0.0.1,
                    ),
                ),
                port: Some(
                    8080,
                ),
                path: "/",
                query: None,
                fragment: None,
            },
            sub_url: "SfxJSAferU_ckMID-y4NAqzOwSEai63Q29zkYoBTPL5UWDT7IKdsYBb4ZpxG1kPOTTb2qYeQVUgvBIvLaqawonXysSI1B_7u4RPKmjw-iPrSyPhPoDVxiwi0K04KF82QNVU",
            client: Clash,
            interval: 86400,
            strict: Some(
                true,
            ),
            proxy_provider_name: None,
            policy: None,
        },
    ),
}
